// Jest Snapshot v1, https://goo.gl/fbAQLP

exports[`Sidebar renders correctly 1`] = `
<div>
  <div>
    <div>
      <a
        href="/"
      />
      <div>
        <h1>
          <a
            href="/"
          >
            Joonkyung
          </a>
        </h1>
      </div>
      <p>
        Frontend developer(2021 ~ )
      </p>
    </div>
    <nav>
      <ul>
        <li>
          <a
            href="/"
          >
            Articles
          </a>
        </li>
        <li>
          <a
            href="/pages/about"
          >
            About Me
          </a>
        </li>
      </ul>
    </nav>
    <div>
      All rights reserved.
    </div>
  </div>
</div>
`;
